[0;36m==> [1;36mNotice:[m Build may be slow as Theos isn’t using all available CPU cores on this computer. Consider upgrading GNU Make: https://theos.dev/docs/parallel-building
[1;31m> [1;3;39mMaking all for tweak DigimonMenu…[m
[0;31m==> [1;39mPreprocessing MenuLoad/ImGuiDrawView.xm…[m
[0;32m==> [1;39mCompiling MenuLoad/ImGuiDrawView.xm (arm64)…[m
[0;32m==> [1;39mCompiling MenuLoad/MenuLoad.mm (arm64)…[m
[0;32m==> [1;39mCompiling MenuLoad/UserMenu.mm (arm64)…[m
[0;32m==> [1;39mCompiling Source/BasicHacks.mm (arm64)…[m
[0;32m==> [1;39mCompiling Source/DigimonPatches.mm (arm64)…[m
[0;32m==> [1;39mCompiling ImGui/imgui_impl_metal.mm (arm64)…[m
[0;32m==> [1;39mCompiling ImGui/imgui_demo.cpp (arm64)…[m
[0;32m==> [1;39mCompiling ImGui/imgui_draw.cpp (arm64)…[m
[0;32m==> [1;39mCompiling ImGui/imgui_tables.cpp (arm64)…[m
[0;32m==> [1;39mCompiling ImGui/imgui_widgets.cpp (arm64)…[m
[0;32m==> [1;39mCompiling ImGui/imgui.cpp (arm64)…[m
[0;32m==> [1;39mCompiling utils/libtitanox/brk_hook/Hook/hook.c (arm64)…[m
[0;32m==> [1;39mCompiling utils/libtitanox/brk_hook/Hook/mach_excServer.c (arm64)…[m
[0;32m==> [1;39mCompiling utils/libtitanox/libtitanox/main.mm (arm64)…[m
[0;32m==> [1;39mCompiling utils/libtitanox/mempatch/THPatchMem.mm (arm64)…[m
[0;32m==> [1;39mCompiling utils/libtitanox/MemX/VMTWrapper.mm (arm64)…[m
[0;32m==> [1;39mCompiling utils/libtitanox/static-inline-hook/sih.mm (arm64)…[m
[0;32m==> [1;39mCompiling utils/libtitanox/utils/utils.mm (arm64)…[m
[0;32m==> [1;39mCompiling utils/libtitanox/vm_funcs/vm.mm (arm64)…[m
[0;32m==> [1;39mCompiling utils/libtitanox/fishhook/fishhook.c (arm64)…[m
[0;33m==> [1;39mLinking tweak DigimonMenu (arm64)…[m
ld: warning: -multiply_defined is obsolete
[0;34m==> [1;39mGenerating debug symbols for DigimonMenu…[m
[0;34m==> [1;39mStripping DigimonMenu (arm64)…[m
[0;34m==> [1;39mSigning DigimonMenu…[m
[1;31m> [1;3;39mMaking stage for tweak DigimonMenu…[m
dm.pl: building package `com.giyutmk.digimonmenu:iphoneos-arm' in `./packages/com.giyutmk.digimonmenu_1.0_iphoneos-arm.deb'
